// Jest Snapshot v1, https://goo.gl/fbAQLP

exports[`[Datepicker] components Footer component should render Cancel and Apply buttons 1`] = `
<div>
  <div
    class="flex items-center justify-end pb-2.5 pt-3 border-t border-gray-300 dark:border-gray-700"
  >
    <div
      class="w-full md:w-auto flex items-center justify-center space-x-3"
    >
      <button
        class="bg-transparent text-white font-medium border px-4 py-2 text-sm rounded-md"
      >
        Cancel
      </button>
      <button
        class="bg-primary text-white font-medium border border-primary px-4 py-2 text-sm rounded-md"
      >
        Apply
      </button>
    </div>
  </div>
</div>
`;
